// Jest Snapshot v1, https://goo.gl/fbAQLP

exports[`<BlocksList /> It renders correctly 1`] = `
<WithStyles(ForwardRef(TableContainer))>
  <WithStyles(ForwardRef(Table))
    aria-label="customized table"
  >
    <WithStyles(ForwardRef(TableHead))>
      <WithStyles(ForwardRef(TableRow))>
        <WithStyles(WithStyles(ForwardRef(TableCell)))>
          app.components.blockslist.height
        </WithStyles(WithStyles(ForwardRef(TableCell)))>
        <WithStyles(WithStyles(ForwardRef(TableCell)))
          align="right"
        >
          app.components.blockslist.size
        </WithStyles(WithStyles(ForwardRef(TableCell)))>
        <WithStyles(WithStyles(ForwardRef(TableCell)))
          align="right"
          className="makeStyles-transactionsCell-3"
        >
          app.components.blockslist.transactions
        </WithStyles(WithStyles(ForwardRef(TableCell)))>
        <WithStyles(WithStyles(ForwardRef(TableCell)))
          align="left"
        >
          app.components.blockslist.hash
        </WithStyles(WithStyles(ForwardRef(TableCell)))>
        <WithStyles(WithStyles(ForwardRef(TableCell)))
          align="left"
        >
          app.components.blockslist.delta
        </WithStyles(WithStyles(ForwardRef(TableCell)))>
        <WithStyles(WithStyles(ForwardRef(TableCell)))
          align="left"
        >
          app.components.blockslist.timestamp
        </WithStyles(WithStyles(ForwardRef(TableCell)))>
        <WithStyles(WithStyles(ForwardRef(TableCell)))
          align="left"
        >
          app.components.blockslist.graffiti
        </WithStyles(WithStyles(ForwardRef(TableCell)))>
      </WithStyles(ForwardRef(TableRow))>
    </WithStyles(ForwardRef(TableHead))>
    <WithStyles(ForwardRef(TableBody))>
      <WithStyles(WithStyles(ForwardRef(TableRow)))
        className="makeStyles-row-1"
        key="444225a9a4efa997f70c01efd06a3b27d1e5a2346ab1ff9b6147e816de"
        onClick={[Function]}
      >
        <WithStyles(WithStyles(ForwardRef(TableCell)))
          scope="row"
        >
          <span
            className="makeStyles-root-2"
          >
            <img
              alt=""
              role="presentation"
              src="blockRow.svg"
            />
            25561
          </span>
        </WithStyles(WithStyles(ForwardRef(TableCell)))>
        <WithStyles(WithStyles(ForwardRef(TableCell)))
          align="right"
        >
          app.units.size.bytes30.38,kb
        </WithStyles(WithStyles(ForwardRef(TableCell)))>
        <WithStyles(WithStyles(ForwardRef(TableCell)))
          align="right"
        >
          0
        </WithStyles(WithStyles(ForwardRef(TableCell)))>
        <WithStyles(WithStyles(ForwardRef(TableCell)))
          align="left"
        >
          4442...16DE
        </WithStyles(WithStyles(ForwardRef(TableCell)))>
        <WithStyles(WithStyles(ForwardRef(TableCell)))
          align="left"
        >
          app.units.time.seconds3240
        </WithStyles(WithStyles(ForwardRef(TableCell)))>
        <WithStyles(WithStyles(ForwardRef(TableCell)))
          align="left"
        >
          1/1/2022 9:03:00PM
        </WithStyles(WithStyles(ForwardRef(TableCell)))>
        <WithStyles(WithStyles(ForwardRef(TableCell)))
          align="left"
        >
          khpigcoxyzh
        </WithStyles(WithStyles(ForwardRef(TableCell)))>
      </WithStyles(WithStyles(ForwardRef(TableRow)))>
      <WithStyles(WithStyles(ForwardRef(TableRow)))
        className="makeStyles-row-1"
        key="972925a9a4efa997f70c01efd06a3b27d1e5a2346ab1ff9b6147e816de"
        onClick={[Function]}
      >
        <WithStyles(WithStyles(ForwardRef(TableCell)))
          scope="row"
        >
          <span
            className="makeStyles-root-2"
          >
            <img
              alt=""
              role="presentation"
              src="blockRow.svg"
            />
            42860
          </span>
        </WithStyles(WithStyles(ForwardRef(TableCell)))>
        <WithStyles(WithStyles(ForwardRef(TableCell)))
          align="right"
        >
          app.units.size.bytes93.29,kb
        </WithStyles(WithStyles(ForwardRef(TableCell)))>
        <WithStyles(WithStyles(ForwardRef(TableCell)))
          align="right"
        >
          0
        </WithStyles(WithStyles(ForwardRef(TableCell)))>
        <WithStyles(WithStyles(ForwardRef(TableCell)))
          align="left"
        >
          9729...16DE
        </WithStyles(WithStyles(ForwardRef(TableCell)))>
        <WithStyles(WithStyles(ForwardRef(TableCell)))
          align="left"
        >
          app.units.time.seconds71520
        </WithStyles(WithStyles(ForwardRef(TableCell)))>
        <WithStyles(WithStyles(ForwardRef(TableCell)))
          align="left"
        >
          1/1/2022 8:09:00PM
        </WithStyles(WithStyles(ForwardRef(TableCell)))>
        <WithStyles(WithStyles(ForwardRef(TableCell)))
          align="left"
        >
          lwsag
        </WithStyles(WithStyles(ForwardRef(TableCell)))>
      </WithStyles(WithStyles(ForwardRef(TableRow)))>
      <WithStyles(WithStyles(ForwardRef(TableRow)))
        className="makeStyles-row-1"
        key="535425a9a4efa997f70c01efd06a3b27d1e5a2346ab1ff9b6147e816de"
        onClick={[Function]}
      >
        <WithStyles(WithStyles(ForwardRef(TableCell)))
          scope="row"
        >
          <span
            className="makeStyles-root-2"
          >
            <img
              alt=""
              role="presentation"
              src="blockRow.svg"
            />
            35521
          </span>
        </WithStyles(WithStyles(ForwardRef(TableCell)))>
        <WithStyles(WithStyles(ForwardRef(TableCell)))
          align="right"
        >
          app.units.size.bytes72.01,kb
        </WithStyles(WithStyles(ForwardRef(TableCell)))>
        <WithStyles(WithStyles(ForwardRef(TableCell)))
          align="right"
        >
          0
        </WithStyles(WithStyles(ForwardRef(TableCell)))>
        <WithStyles(WithStyles(ForwardRef(TableCell)))
          align="left"
        >
          5354...16DE
        </WithStyles(WithStyles(ForwardRef(TableCell)))>
        <WithStyles(WithStyles(ForwardRef(TableCell)))
          align="left"
        />
        <WithStyles(WithStyles(ForwardRef(TableCell)))
          align="left"
        >
          1/1/2022 12:17:00AM
        </WithStyles(WithStyles(ForwardRef(TableCell)))>
        <WithStyles(WithStyles(ForwardRef(TableCell)))
          align="left"
        >
          l
        </WithStyles(WithStyles(ForwardRef(TableCell)))>
      </WithStyles(WithStyles(ForwardRef(TableRow)))>
    </WithStyles(ForwardRef(TableBody))>
  </WithStyles(ForwardRef(Table))>
</WithStyles(ForwardRef(TableContainer))>
`;
